// Jest Snapshot v1, https://goo.gl/fbAQLP

exports[`matches a snapshot 1`] = `
<div
  className="main-wrapper"
>
  <div
    className="cart-toggle"
    onClick={[Function]}
  >
    <i
      className="fas fa-shopping-basket"
    />
    <span>
      0
    </span>
  </div>
  <ShoppingCart
    cartItems={Array []}
    closeCart={[Function]}
    remove={[Function]}
    showCart={false}
  />
  <productsFilter
    filterToggle={[Function]}
    filterToggleRef={
      Object {
        "current": null,
      }
    }
    filtersSidebarRef={
      Object {
        "current": null,
      }
    }
    inStockChanged={[Function]}
    mobileMode={false}
    priceFromChanged={[Function]}
    priceToChanged={[Function]}
  />
  <div
    className="ProductList full-width"
  >
    <productsSort
      filterToggle={[Function]}
      mobileMode={false}
      orderByChanged={[Function]}
      orderByClicked={[Function]}
      orderByOptionsRef={
        Object {
          "current": null,
        }
      }
      sortBy="name"
      sortOrder="default"
      sortOrderClicked={[Function]}
    />
  </div>
</div>
`;
