// Jest Snapshot v1, https://goo.gl/fbAQLP

exports[`ContactsInfo works as expected ContactInfo component matches a snapshot 1`] = `
<BrowserRouter>
  <Router
    history={
      Object {
        "action": "POP",
        "block": [Function],
        "createHref": [Function],
        "go": [Function],
        "goBack": [Function],
        "goForward": [Function],
        "length": 1,
        "listen": [Function],
        "location": Object {
          "hash": "",
          "pathname": "/",
          "search": "",
          "state": undefined,
        },
        "push": [Function],
        "replace": [Function],
      }
    }
  >
    <withRouter(AppContextProvider)>
      <Route>
        <AppContextProvider
          history={
            Object {
              "action": "POP",
              "block": [Function],
              "createHref": [Function],
              "go": [Function],
              "goBack": [Function],
              "goForward": [Function],
              "length": 1,
              "listen": [Function],
              "location": Object {
                "hash": "",
                "pathname": "/",
                "search": "",
                "state": undefined,
              },
              "push": [Function],
              "replace": [Function],
            }
          }
          location={
            Object {
              "hash": "",
              "pathname": "/",
              "search": "",
              "state": undefined,
            }
          }
          match={
            Object {
              "isExact": true,
              "params": Object {},
              "path": "/",
              "url": "/",
            }
          }
        >
          <contactInfo
            address="asd"
            phone="asfas"
          >
            <div
              className="ContactsInfo"
            >
              <h3>
                Feel free to get in touch with us!
              </h3>
              <hr />
              <div
                className="contact-option"
              >
                <div
                  className="icon-wrapper"
                >
                  <img
                    alt="address"
                    className="address-icon"
                    src="https://firebasestorage.googleapis.com/v0/b/florist-cb933.appspot.com/o/icons%2Fcontact-page%2Faddress.png?alt=media&token=2fb28441-7270-4ebe-93eb-54bf0c7f1dfa"
                  />
                </div>
                 
                asd
              </div>
              <div
                className="contact-option"
              >
                <div
                  className="icon-wrapper"
                >
                  <img
                    alt="phone"
                    className="phone-icon"
                    src="https://firebasestorage.googleapis.com/v0/b/florist-cb933.appspot.com/o/icons%2Fcontact-page%2Fmobile-phone.png?alt=media&token=a184bbb9-5b5b-47a9-bb33-d61740e95b9c"
                  />
                </div>
                 
                asfas
              </div>
            </div>
          </contactInfo>
        </AppContextProvider>
      </Route>
    </withRouter(AppContextProvider)>
  </Router>
</BrowserRouter>
`;
