// Jest Snapshot v1, https://goo.gl/fbAQLP

exports[`matches a snapshot 1`] = `
<div
  className="filter-wrapper hide"
>
  <h2>
    <span>
      Filters 
      <i
        className="fas fa-filter"
      />
    </span>
     
  </h2>
  <form
    className="filter-form"
  >
    <div
      className="filter-option available"
    >
      <label>
        IN STOCK
      </label>
      <input
        type="checkbox"
      />
    </div>
    <div
      className="filter-option price-range"
    >
      <label>
        PRICE RANGE
      </label>
      <div>
        <input
          className="priceFrom"
          min="0"
          placeholder="from"
          type="number"
        />
        -
        <input
          className="priceTo"
          min="0"
          placeholder="to"
          type="number"
        />
      </div>
    </div>
  </form>
</div>
`;
