// Jest Snapshot v1, https://goo.gl/fbAQLP

exports[`matches a snapshot 1`] = `
<div>
  <ul>
    <li>
      <span>
        PRODUCT
      </span>
      <span />
      <span>
        AMOUNT
      </span>
      <span>
        PRICE
      </span>
      <span />
    </li>
    <hr />
    <span
      key="1"
    >
      jast a test
    </span>
    <span
      key="1"
    >
      jast a test
    </span>
  </ul>
  <div
    className="order"
  >
    <p>
      Total Sum: 
      100.00
      $
    </p>
    <button
      className="order-btn"
      type="button"
    >
      ORDER
    </button>
  </div>
</div>
`;
