// Jest Snapshot v1, https://goo.gl/fbAQLP

exports[`Modal component matches a snapshot 1`] = `
<div
  className="Modal"
>
  <div
    className="modal-content"
  >
    <i
      className="fas fa-times close"
      onClick={[Function]}
    />
    <div
      className="slide-wrapper"
    />
    <LeftArrow
      goToPrevSlide={[Function]}
      show={true}
    />
    <RightArrow
      goToNextSlide={[Function]}
      show={true}
    />
    <span
      className="current-count"
    >
      2
      /
      0
    </span>
  </div>
</div>
`;
